EpicTitle: epic
EpicBody:


StoryTitle: story
StoryBody:
* ☐ task
note

