Document
    { config = EmptyConfig
    , intro = []
    , epics =
        [ Epic
            { mJira = Nothing
            , title = "epic"
            , description = []
            , stories =
                [ Story
                    { mJira = Just "P-4"
                    , title = "story"
                    , description =
                        [ BulletList
                            [
                                [ Plain
                                    [ Str "‚òê"
                                    , Space
                                    , Str "task"
                                    , Span
                                        ( ""
                                        , [ "end" ]
                                        , []
                                        ) [ Space ]
                                    , SoftBreak
                                    , Str "note"
                                    ]
                                ]
                            ]
                        ]
                    , mScore = Just 42.0
                    , updated = Just 1725667200
                    }
                ]
            }
        ]
    }