EpicTitle: Develop app
EpicBody:


StoryTitle: Implement X
StoryBody:
The goal is...


